
Attaching package: 'dplyr'

The following objects are masked from 'package:stats':

    filter, lag

The following objects are masked from 'package:base':

    intersect, setdiff, setequal, union

Loading shared reference data...

=== condition clinicalbert_original (ClinicalBERT-original) ===
--- 10_9 / ClinicalBERT-original (112 points) ---
    threshold 0.950 done (28/112)
    threshold 0.990 done (56/112)
    threshold 0.995 done (84/112)
    threshold 0.999 done (112/112)
--- 8_9 / ClinicalBERT-original (112 points) ---
    threshold 0.950 done (28/112)
    threshold 0.990 done (56/112)
    threshold 0.995 done (84/112)
    threshold 0.999 done (112/112)
  wrote ../results/full_grid/clinicalbert_original.csv (224 rows, 1.6 min)
# A tibble: 2 × 7
  track model         similarity_threshold top_n flag_combination    f1 accuracy
  <chr> <chr>                        <dbl> <dbl>            <int> <dbl>    <dbl>
1 10_9  ClinicalBERT…                0.995    30                4 0.427    0.271
2 8_9   ClinicalBERT…                0.999     5                3 0.716    0.557

=== condition sapbert_original (SapBERT-base) ===
--- 10_9 / SapBERT-base (112 points) ---
    threshold 0.950 done (28/112)
    threshold 0.990 done (56/112)
    threshold 0.995 done (84/112)
    threshold 0.999 done (112/112)
--- 8_9 / SapBERT-base (112 points) ---
    threshold 0.950 done (28/112)
    threshold 0.990 done (56/112)
    threshold 0.995 done (84/112)
    threshold 0.999 done (112/112)
  wrote ../results/full_grid/sapbert_original.csv (224 rows, 2.1 min)
# A tibble: 2 × 7
  track model        similarity_threshold top_n flag_combination    f1 accuracy
  <chr> <chr>                       <dbl> <dbl>            <int> <dbl>    <dbl>
1 10_9  SapBERT-base                 0.95    30                4 0.53     0.36 
2 8_9   SapBERT-base                 0.99     3                2 0.821    0.697

=== condition clinicalbert_base (ClinicalBERT-base) ===
--- 10_9 / ClinicalBERT-base (112 points) ---
    threshold 0.950 done (28/112)
    threshold 0.990 done (56/112)
    threshold 0.995 done (84/112)
    threshold 0.999 done (112/112)
--- 8_9 / ClinicalBERT-base (112 points) ---
    threshold 0.950 done (28/112)
    threshold 0.990 done (56/112)
    threshold 0.995 done (84/112)
    threshold 0.999 done (112/112)
  wrote ../results/full_grid/clinicalbert_base.csv (224 rows, 1.1 min)
# A tibble: 2 × 7
  track model         similarity_threshold top_n flag_combination    f1 accuracy
  <chr> <chr>                        <dbl> <dbl>            <int> <dbl>    <dbl>
1 10_9  ClinicalBERT…                0.99     25                4 0.43     0.274
2 8_9   ClinicalBERT…                0.999     5                3 0.716    0.557

Done.
