
Attaching package: 'dplyr'

The following objects are masked from 'package:stats':

    filter, lag

The following objects are masked from 'package:base':

    intersect, setdiff, setequal, union

Loading shared reference data...

=== condition clinicalbert_stripped (ClinicalBERT-stripped) ===
--- 10_9 / ClinicalBERT-stripped (112 points) ---
    threshold 0.950 done (28/112)
    threshold 0.990 done (56/112)
    threshold 0.995 done (84/112)
    threshold 0.999 done (112/112)
--- 8_9 / ClinicalBERT-stripped (112 points) ---
    threshold 0.950 done (28/112)
    threshold 0.990 done (56/112)
    threshold 0.995 done (84/112)
    threshold 0.999 done (112/112)
  wrote ../results/full_grid/clinicalbert_stripped.csv (224 rows, 1.7 min)
# A tibble: 2 × 7
  track model         similarity_threshold top_n flag_combination    f1 accuracy
  <chr> <chr>                        <dbl> <dbl>            <int> <dbl>    <dbl>
1 10_9  ClinicalBERT…                0.99     25                4 0.448    0.289
2 8_9   ClinicalBERT…                0.999    10                3 0.722    0.565

=== condition sapbert_base (SapBERT-base-regen) ===
--- 10_9 / SapBERT-base-regen (112 points) ---
    threshold 0.950 done (28/112)
    threshold 0.990 done (56/112)
    threshold 0.995 done (84/112)
    threshold 0.999 done (112/112)
--- 8_9 / SapBERT-base-regen (112 points) ---
    threshold 0.950 done (28/112)
    threshold 0.990 done (56/112)
    threshold 0.995 done (84/112)
    threshold 0.999 done (112/112)
  wrote ../results/full_grid/sapbert_base.csv (224 rows, 2.1 min)
# A tibble: 2 × 7
  track model         similarity_threshold top_n flag_combination    f1 accuracy
  <chr> <chr>                        <dbl> <dbl>            <int> <dbl>    <dbl>
1 10_9  SapBERT-base…                 0.95    30                4 0.53     0.36 
2 8_9   SapBERT-base…                 0.99     3                2 0.821    0.697

=== condition sapbert_stripped (SapBERT-stripped) ===
--- 10_9 / SapBERT-stripped (112 points) ---
    threshold 0.950 done (28/112)
    threshold 0.990 done (56/112)
    threshold 0.995 done (84/112)
    threshold 0.999 done (112/112)
--- 8_9 / SapBERT-stripped (112 points) ---
    threshold 0.950 done (28/112)
    threshold 0.990 done (56/112)
    threshold 0.995 done (84/112)
    threshold 0.999 done (112/112)
  wrote ../results/full_grid/sapbert_stripped.csv (224 rows, 1.1 min)
# A tibble: 2 × 7
  track model         similarity_threshold top_n flag_combination    f1 accuracy
  <chr> <chr>                        <dbl> <dbl>            <int> <dbl>    <dbl>
1 10_9  SapBERT-stri…                 0.95    25                4 0.534    0.364
2 8_9   SapBERT-stri…                 0.95     3                2 0.806    0.674

Done.
