
Attaching package: 'dplyr'

The following objects are masked from 'package:stats':

    filter, lag

The following objects are masked from 'package:base':

    intersect, setdiff, setequal, union


################ TRACK 8_9 ################
37219 candidates, 302 codes, 329 positives (pool ceiling 0.9940 of 331 true pairs)
Precomputing baseline pipeline emissions (first run only)...
  SapBERT done
  ClinicalBERT done

--- outer fold 1/5 (241 train codes, 61 test codes) ---
  inner-CV pick: K=10 N=10 chapter=FALSE tau=0.90 rho=1.00 (inner F1 0.836)
  baseline pick on train: SapBERT|0.99|3|2 (train F1 0.816)
  TEST FOLD  baseline F1 0.857 | reranker F1 0.889

--- outer fold 2/5 (241 train codes, 61 test codes) ---
  inner-CV pick: K=10 N=10 chapter=FALSE tau=0.75 rho=1.00 (inner F1 0.845)
  baseline pick on train: SapBERT|0.99|3|2 (train F1 0.818)
  TEST FOLD  baseline F1 0.848 | reranker F1 0.846

--- outer fold 3/5 (242 train codes, 60 test codes) ---
  inner-CV pick: K=10 N=10 chapter=FALSE tau=0.95 rho=1.00 (inner F1 0.867)
  baseline pick on train: SapBERT|0.99|3|2 (train F1 0.842)
  TEST FOLD  baseline F1 0.754 | reranker F1 0.744

--- outer fold 4/5 (242 train codes, 60 test codes) ---
  inner-CV pick: K=10 N=10 chapter=FALSE tau=0.95 rho=1.00 (inner F1 0.842)
  baseline pick on train: SapBERT|0.99|3|2 (train F1 0.821)
  TEST FOLD  baseline F1 0.835 | reranker F1 0.873

--- outer fold 5/5 (242 train codes, 60 test codes) ---
  inner-CV pick: K=10 N=10 chapter=TRUE tau=0.70 rho=1.00 (inner F1 0.848)
  baseline pick on train: SapBERT|0.99|3|2 (train F1 0.823)
  TEST FOLD  baseline F1 0.829 | reranker F1 0.850

===== TRACK 8_9 POOLED RESULTS =====
  baseline, IN-SAMPLE (old method)   : P 0.861 R 0.790 F1 0.824 Acc 0.701
  baseline, held-out CV              : P 0.861 R 0.790 F1 0.824 Acc 0.701
  RERANKER, held-out CV              : P 0.867 R 0.815 F1 0.840 Acc 0.724


================ FINAL ================
  track              method t(m_bl_insample).precision t(m_bl_insample).recall
1   8_9  baseline_in_sample                      0.861                   0.790
2   8_9 baseline_heldout_cv                         NA                      NA
3   8_9   rerank_heldout_cv                         NA                      NA
  t(m_bl_insample).f1 t(m_bl_insample).accuracy t(m_bl_all).precision
1               0.824                     0.701                    NA
2                  NA                        NA                 0.861
3                  NA                        NA                    NA
  t(m_bl_all).recall t(m_bl_all).f1 t(m_bl_all).accuracy t(m_rr_all).precision
1                 NA             NA                   NA                    NA
2              0.790          0.824                0.701                    NA
3                 NA             NA                   NA                 0.867
  t(m_rr_all).recall t(m_rr_all).f1 t(m_rr_all).accuracy
1                 NA             NA                   NA
2                 NA             NA                   NA
3              0.815          0.840                0.724

--- top features by mean gain ---
   track           Feature       gain
1    8_9      ens_mean_rel 0.26166329
2    8_9    simrel_sapbert 0.19454664
3    8_9          cooc_rel 0.08189810
4    8_9   simrank_sapbert 0.07999435
5    8_9    ens_mutual_rel 0.06186666
6    8_9 simrelrev_sapbert 0.05102555
7    8_9   ens_mutual_rank 0.03185395
8    8_9        ens_margin 0.01827818
9    8_9       ens_max_rel 0.01743017
10   8_9      chapter_rate 0.01415551
11   8_9  target_rank_here 0.01188199
12   8_9 ens_direction_gap 0.01041944

Written to results/cv_rerank_*.csv
