
Attaching package: 'dplyr'

The following objects are masked from 'package:stats':

    filter, lag

The following objects are masked from 'package:base':

    intersect, setdiff, setequal, union


################ TRACK 10_9 ################
22434 candidates, 345 codes, 812 positives
  full               P 0.750 R 0.604 F1 0.669 Acc 0.503  (52 features)
  no_mutual          P 0.655 R 0.564 F1 0.606 Acc 0.435  (36 features)
  no_lexical         P 0.702 R 0.613 F1 0.655 Acc 0.487  (46 features)
  no_cooccurrence    P 0.734 R 0.534 F1 0.618 Acc 0.448  (47 features)
  no_chapter         P 0.698 R 0.555 F1 0.618 Acc 0.447  (49 features)
  no_ensemble        P 0.731 R 0.607 F1 0.663 Acc 0.496  (37 features)
  no_mpnet           P 0.713 R 0.621 F1 0.664 Acc 0.497  (46 features)
  no_clinicalbert    P 0.739 R 0.592 F1 0.657 Acc 0.489  (46 features)
  rank_pairwise      P 0.758 R 0.585 F1 0.660 Acc 0.493  (52 features)
  rank_ndcg          P 0.732 R 0.578 F1 0.646 Acc 0.477  (52 features)


===== ablation, held-out =====

-- 10_9 (full = 0.669) --
           variant n_features precision recall     f1 delta_vs_full
1             full         52    0.7500 0.6040 0.6692        0.0000
2         no_mpnet         46    0.7132 0.6209 0.6639       -0.0053
3      no_ensemble         37    0.7307 0.6074 0.6634       -0.0058
4    rank_pairwise         52    0.7580 0.5849 0.6603       -0.0088
5  no_clinicalbert         46    0.7388 0.5917 0.6571       -0.0121
6       no_lexical         46    0.7023 0.6130 0.6547       -0.0145
7        rank_ndcg         52    0.7322 0.5782 0.6461       -0.0230
8  no_cooccurrence         47    0.7342 0.5343 0.6185       -0.0507
9       no_chapter         49    0.6983 0.5546 0.6182       -0.0510
10       no_mutual         36    0.6549 0.5636 0.6058       -0.0634

Written to ../results/ablation_10_9.csv
