
Attaching package: 'dplyr'

The following objects are masked from 'package:stats':

    filter, lag

The following objects are masked from 'package:base':

    intersect, setdiff, setequal, union


################ TRACK 8_9 ################
8075 candidates, 302 codes, 320 positives
  full               P 0.881 R 0.830 F1 0.854 Acc 0.746  (52 features)
  no_mutual          P 0.871 R 0.818 F1 0.843 Acc 0.729  (36 features)
  no_lexical         P 0.883 R 0.827 F1 0.854 Acc 0.745  (46 features)
  no_cooccurrence    P 0.842 R 0.796 F1 0.819 Acc 0.693  (47 features)
  no_chapter         P 0.877 R 0.827 F1 0.851 Acc 0.741  (49 features)
  no_ensemble        P 0.862 R 0.815 F1 0.838 Acc 0.720  (37 features)
  no_mpnet           P 0.854 R 0.818 F1 0.835 Acc 0.717  (46 features)
  no_clinicalbert    P 0.886 R 0.830 F1 0.857 Acc 0.750  (46 features)
  rank_pairwise      P 0.861 R 0.827 F1 0.843 Acc 0.729  (52 features)
  rank_ndcg          P 0.890 R 0.836 F1 0.862 Acc 0.758  (52 features)


===== ablation, held-out =====

-- 8_9 (full = 0.854) --
           variant n_features precision recall     f1 delta_vs_full
1        rank_ndcg         52    0.8900 0.8359 0.8621        0.0076
2  no_clinicalbert         46    0.8864 0.8298 0.8571        0.0027
3             full         52    0.8806 0.8298 0.8545        0.0000
4       no_lexical         46    0.8831 0.8267 0.8540       -0.0005
5       no_chapter         49    0.8774 0.8267 0.8513       -0.0031
6    rank_pairwise         52    0.8608 0.8267 0.8434       -0.0110
7        no_mutual         36    0.8706 0.8176 0.8433       -0.0112
8      no_ensemble         37    0.8617 0.8146 0.8375       -0.0170
9         no_mpnet         46    0.8540 0.8176 0.8354       -0.0191
10 no_cooccurrence         47    0.8424 0.7964 0.8188       -0.0357

Written to ../results/ablation_8_9.csv
