
Attaching package: 'dplyr'

The following objects are masked from 'package:stats':

    filter, lag

The following objects are masked from 'package:base':

    intersect, setdiff, setequal, union


######## 10_9 ########
  K=5  N=10 chapter=FALSE  P 0.745 R 0.561 F1 0.640
  K=5  N=10 chapter=TRUE   P 0.736 R 0.565 F1 0.639
  K=5  N=30 chapter=FALSE  P 0.739 R 0.588 F1 0.655
  K=5  N=30 chapter=TRUE   P 0.726 R 0.584 F1 0.647
  K=5  N=50 chapter=FALSE  P 0.745 R 0.591 F1 0.659
  K=5  N=50 chapter=TRUE   P 0.675 R 0.605 F1 0.638
  K=10 N=10 chapter=FALSE  P 0.709 R 0.615 F1 0.659
  K=10 N=10 chapter=TRUE   P 0.709 R 0.602 F1 0.651
  K=10 N=30 chapter=FALSE  P 0.748 R 0.611 F1 0.672
  K=10 N=30 chapter=TRUE   P 0.721 R 0.612 F1 0.662
  K=10 N=50 chapter=FALSE  P 0.704 R 0.624 F1 0.662
  K=10 N=50 chapter=TRUE   P 0.745 R 0.584 F1 0.654
  K=25 N=10 chapter=FALSE  P 0.729 R 0.592 F1 0.653
  K=25 N=10 chapter=TRUE   P 0.754 R 0.576 F1 0.653
  K=25 N=30 chapter=FALSE  P 0.712 R 0.591 F1 0.646
  K=25 N=30 chapter=TRUE   P 0.707 R 0.595 F1 0.646
  K=25 N=50 chapter=FALSE  P 0.722 R 0.602 F1 0.656
  K=25 N=50 chapter=TRUE   P 0.764 R 0.558 F1 0.645
  K=50 N=10 chapter=FALSE  P 0.719 R 0.615 F1 0.663
  K=50 N=10 chapter=TRUE   P 0.737 R 0.580 F1 0.649
  K=50 N=30 chapter=FALSE  P 0.734 R 0.598 F1 0.659
  K=50 N=30 chapter=TRUE   P 0.719 R 0.602 F1 0.655
  K=50 N=50 chapter=FALSE  P 0.738 R 0.580 F1 0.650
  K=50 N=50 chapter=TRUE   P 0.730 R 0.585 F1 0.650

===== summary =====

10_9: 24 configs, F1 median 0.653, range 0.638 - 0.672
  configs beating 12_'s per-fold-tuned result: 1 of 24
  track  K  N chapter precision recall     f1 accuracy
1  10_9 10 30   FALSE    0.7479 0.6108 0.6724   0.5065
2  10_9 50 10   FALSE    0.7188 0.6153 0.6630   0.4959
3  10_9 10 50   FALSE    0.7043 0.6243 0.6619   0.4947
4  10_9 10 30    TRUE    0.7205 0.6119 0.6618   0.4945
5  10_9 50 30   FALSE    0.7338 0.5984 0.6592   0.4917
