
Attaching package: 'dplyr'

The following objects are masked from 'package:stats':

    filter, lag

The following objects are masked from 'package:base':

    intersect, setdiff, setequal, union


######## 8_9 ########
  K=5  N=10 chapter=FALSE  P 0.877 R 0.821 F1 0.848
  K=5  N=10 chapter=TRUE   P 0.850 R 0.824 F1 0.836
  K=5  N=30 chapter=FALSE  P 0.869 R 0.830 F1 0.849
  K=5  N=30 chapter=TRUE   P 0.886 R 0.824 F1 0.854
  K=5  N=50 chapter=FALSE  P 0.871 R 0.821 F1 0.845
  K=5  N=50 chapter=TRUE   P 0.887 R 0.833 F1 0.859
  K=10 N=10 chapter=FALSE  P 0.862 R 0.818 F1 0.839
  K=10 N=10 chapter=TRUE   P 0.867 R 0.812 F1 0.838
  K=10 N=30 chapter=FALSE  P 0.854 R 0.815 F1 0.834
  K=10 N=30 chapter=TRUE   P 0.863 R 0.824 F1 0.843
  K=10 N=50 chapter=FALSE  P 0.871 R 0.821 F1 0.845
  K=10 N=50 chapter=TRUE   P 0.876 R 0.818 F1 0.846
  K=25 N=10 chapter=FALSE  P 0.866 R 0.809 F1 0.836
  K=25 N=10 chapter=TRUE   P 0.873 R 0.815 F1 0.843
  K=25 N=30 chapter=FALSE  P 0.843 R 0.815 F1 0.828
  K=25 N=30 chapter=TRUE   P 0.863 R 0.821 F1 0.841
  K=25 N=50 chapter=FALSE  P 0.854 R 0.818 F1 0.835
  K=25 N=50 chapter=TRUE   P 0.871 R 0.824 F1 0.847
  K=50 N=10 chapter=FALSE  P 0.858 R 0.809 F1 0.833
  K=50 N=10 chapter=TRUE   P 0.868 R 0.821 F1 0.844
  K=50 N=30 chapter=FALSE  P 0.861 R 0.812 F1 0.836
  K=50 N=30 chapter=TRUE   P 0.862 R 0.815 F1 0.838
  K=50 N=50 chapter=FALSE  P 0.871 R 0.818 F1 0.843
  K=50 N=50 chapter=TRUE   P 0.873 R 0.812 F1 0.841

===== summary =====

8_9: 24 configs, F1 median 0.842, range 0.828 - 0.859
  configs beating 12_'s per-fold-tuned result: 14 of 24
  track  K  N chapter precision recall     f1 accuracy
1   8_9  5 50    TRUE    0.8867 0.8328 0.8589   0.7527
2   8_9  5 30    TRUE    0.8856 0.8237 0.8535   0.7445
3   8_9  5 30   FALSE    0.8694 0.8298 0.8491   0.7378
4   8_9  5 10   FALSE    0.8766 0.8207 0.8477   0.7357
5   8_9 25 50    TRUE    0.8714 0.8237 0.8469   0.7344
