
Attaching package: 'dplyr'

The following objects are masked from 'package:stats':

    filter, lag

The following objects are masked from 'package:base':

    intersect, setdiff, setequal, union


######## 10_9: 345 codes total ########
  n_train  40 : F1 0.6096 (sd 0.0089 over 4 repeats)
  n_train  70 : F1 0.6361 (sd 0.0063 over 4 repeats)
  n_train 100 : F1 0.6506 (sd 0.0075 over 4 repeats)
  n_train 140 : F1 0.6465 (sd 0.0091 over 4 repeats)
  n_train 180 : F1 0.6672 (sd 0.0088 over 4 repeats)
  n_train 220 : F1 0.6664 (sd 0.0004 over 4 repeats)
  n_train 260 : F1 0.6611 (sd 0.0045 over 4 repeats)

===== is it still climbing? =====

10_9: F1 0.610 at n=40, 0.661 at n=260
  slope over the last three points: -0.0076 F1 per +100 training codes
  log-fit projection at n=500  : 0.689
  log-fit projection at n=1000 : 0.709
  log-fit projection at n=2000 : 0.728

Projections assume the curve keeps its shape and are not measurements.
