Warning: You are sending unauthenticated requests to the HF Hub. Please set a HF_TOKEN to enable higher rate limits and faster downloads.
C:\Users\IRFANM\Downloads\pyembed\Lib\site-packages\huggingface_hub\file_download.py:141: UserWarning: `huggingface_hub` cache-system uses symlinks by default to efficiently store duplicated files but your machine does not support them in C:\Users\IRFANM\.cache\huggingface\hub\models--cambridgeltl--SapBERT-from-PubMedBERT-fulltext. Caching files will still work but in a degraded version that might require more space on your disk. This warning can be disabled by setting the `HF_HUB_DISABLE_SYMLINKS_WARNING` environment variable. For more details, see https://huggingface.co/docs/huggingface_hub/how-to-cache#limitations.
To support symlinks on Windows, you either need to activate Developer Mode or to run Python as an administrator. In order to activate developer mode, see this article: https://docs.microsoft.com/en-us/windows/apps/get-started/enable-your-device-for-development
  warnings.warn(message)
Embedding with cambridgeltl/SapBERT-from-PubMedBERT-fulltext (clean=base)...
Loading weights:   0%|          | 0/199 [00:00<?, ?it/s]Loading weights: 100%|██████████| 199/199 [00:00<00:00, 4480.95it/s]
  32/354
  64/354
  96/354
  128/354
  160/354
  192/354
  224/354
  256/354
  288/354
  320/354
  352/354
  354/354
Loading weights:   0%|          | 0/199 [00:00<?, ?it/s]Loading weights: 100%|██████████| 199/199 [00:00<00:00, 4732.82it/s]
  32/2038
  64/2038
  96/2038
  128/2038
  160/2038
  192/2038
  224/2038
  256/2038
  288/2038
  320/2038
  352/2038
  384/2038
  416/2038
  448/2038
  480/2038
  512/2038
  544/2038
  576/2038
  608/2038
  640/2038
  672/2038
  704/2038
  736/2038
  768/2038
  800/2038
  832/2038
  864/2038
  896/2038
  928/2038
  960/2038
  992/2038
  1024/2038
  1056/2038
  1088/2038
  1120/2038
  1152/2038
  1184/2038
  1216/2038
  1248/2038
  1280/2038
  1312/2038
  1344/2038
  1376/2038
  1408/2038
  1440/2038
  1472/2038
  1504/2038
  1536/2038
  1568/2038
  1600/2038
  1632/2038
  1664/2038
  1696/2038
  1728/2038
  1760/2038
  1792/2038
  1824/2038
  1856/2038
  1888/2038
  1920/2038
  1952/2038
  1984/2038
  2016/2038
  2038/2038
Loading weights:   0%|          | 0/199 [00:00<?, ?it/s]Loading weights: 100%|██████████| 199/199 [00:00<00:00, 3949.27it/s]
  32/858
  64/858
  96/858
  128/858
  160/858
  192/858
  224/858
  256/858
  288/858
  320/858
  352/858
  384/858
  416/858
  448/858
  480/858
  512/858
  544/858
  576/858
  608/858
  640/858
  672/858
  704/858
  736/858
  768/858
  800/858
  832/858
  858/858
Wrote C:\Users\IRFANM\Downloads\icd_crosswalk_r\data\generated\cosine_similarity_matrices_10_9_sapbert_base.xlsx
Wrote C:\Users\IRFANM\Downloads\icd_crosswalk_r\data\generated\cosine_similarity_matrices_8_9_sapbert_base.xlsx
