

processing file: report.Rmd
1/25                    
2/25 [setup]            
3/25                    
4/25 [best-table]       
5/25                    
6/25 [fig-comparison]   
7/25                    
8/25 [fig-ccs-10-9]     
9/25                    
10/25 [fig-ccs-8-9]      
11/25                    
12/25 [regression-table] 
13/25                    
14/25 [extended-setup]   
15/25                    
16/25 [extended-table]   
17/25                    
18/25 [extended-missing] 
19/25                    
20/25 [roundtrip-setup]  
21/25                    
22/25 [roundtrip-table]  
23/25                    
24/25 [roundtrip-missing]
25/25                    
output file: report.knit.md

"C:/Program Files/RStudio/resources/app/bin/quarto/bin/tools/pandoc" +RTS -K512m -RTS report.knit.md --to html4 --from markdown+autolink_bare_uris+tex_math_single_backslash --output report.html --lua-filter "C:\Users\IRFANM\AppData\Local\R\win-library\4.6\rmarkdown\rmarkdown\lua\pagebreak.lua" --lua-filter "C:\Users\IRFANM\AppData\Local\R\win-library\4.6\rmarkdown\rmarkdown\lua\latex-div.lua" --lua-filter "C:\Users\IRFANM\AppData\Local\R\win-library\4.6\rmarkdown\rmarkdown\lua\table-classes.lua" --embed-resources --standalone --variable bs3=TRUE --section-divs --table-of-contents --toc-depth 3 --variable toc_float=1 --variable toc_selectors=h1,h2,h3 --variable toc_collapsed=1 --variable toc_smooth_scroll=1 --variable toc_print=1 --template "C:\Users\IRFANM\AppData\Local\R\win-library\4.6\rmarkdown\rmd\h\default.html" --syntax-highlighting none --variable highlightjs=1 --variable theme=flatly --mathjax --variable "mathjax-url=https://mathjax.rstudio.com/latest/MathJax.js?config=TeX-AMS-MML_HTMLorMML" --include-in-header "C:\Users\IRFANM\AppData\Local\Temp\RtmpwZbVBk\rmarkdown-str56c610fc0f.html" 

Output created: report.html
